ER-P-ERAS-RW
ER-P-ERB-RW
ER-P-ERDL-R
ER-P-ERGAS-RW
ER-P-ERGNBN-R
ER-P-ERGPR-RW
ER-P-ERP-R
ER-P-ERPB-RW
ER-P-ERPL-R
ER-P-ERREP-RW
ER-P-ERSD-RW
ER-P-ERUS-RW
ER-P-ERVB-RW
ER-R-ERA
ER-R-ERN
ER-R-ERP
FE-P-FAL-R
FE-P-FF-RW
FE-P-FG-RW
FE-P-FGF-R
FE-P-FGL-R
FE-P-FR-RW
FE-P-FS-RW
FE-P-FSB-RW
FE-P-FUB-RW
FE-P-FUS-RW
FE-R-FA
FE-R-FA-RW
GL-P-AND-RW
GL-P-EAD-RW
GL-P-EBT-RW
GL-P-ED-RW
GL-P-EL-RW
GL-P-EP-RW
GL-P-EPM-RW
GL-P-NDC-RW
GL-P-P-RW
GL-P-RSE-RW
GP-P-GCN-R
HMS-API-IB-R
HMS-API-IB-RW
HMS-API-ICT-R
HMS-API-ICT-RW
HMS-API-IMRI-R
HMS-API-IMRI-RW
HMS-API-IUSG-R
HMS-API-IUSG-RW
HMS-API-IXRAY-R
HMS-API-IXRAY-RW
HMS-API-SUM-R
HMS-API-SUM-RW
HMS-P-ADD-RW
HMS-P-ADM-RW
HMS-P-AIN-RW
HMS-P-AIP-RW
HMS-P-AUHID-RW
HMS-P-BED-RW
HMS-P-BEDD-RW
HMS-P-BLK-R
HMS-P-BLK-RW
HMS-P-BLKD-RW
HMS-P-CEB-RW
HMS-P-COPP-RW
HMS-P-CS-RW
HMS-P-DIS-RW
HMS-P-DLD-RW
HMS-P-DRM-RW
HMS-P-GAE-R
HMS-P-GLBU-R
HMS-P-GOPBN-R
HMS-P-GOPS-R
HMS-P-GPBT-R
HMS-P-GWL-R
HMS-P-HSN-RW
HMS-P-IB-R
HMS-P-IB-RW
HMS-P-ICT-RW
HMS-P-IMRI-RW
HMS-P-IPGRN-RW
HMS-P-IPGRND-RW
HMS-P-IPPS-RW
HMS-P-IPPSD-RW
HMS-P-IUSG-RW
HMS-P-IXRAY-RW
HMS-P-OPGRN-RW
HMS-P-OPGRND-RW
HMS-P-OPP-RW
HMS-P-OPPB-R
HMS-P-OPPS-RW
HMS-P-OPPSD-RW
HMS-P-RCAT-R
HMS-P-RCAT-RW
HMS-P-RCATD-RW
HMS-P-RENQ-RW
HMS-P-RM-RW
HMS-P-RMD-RW
HMS-P-RSHFT-RW
HMS-P-SADM-RW
HMS-P-SOPB-RW
HMS-P-SOPE-RW
HMS-P-SRM-RW
HMS-P-SRV-RW
HMS-P-SRVD-RW
HMS-P-SUM-RW
HMS-P-VL-RW
HMS-P-VND-RW
HMS-P-VNDD-RW
HMS-P-WRQ-RW
HMS-R-PH
HMS-R-SA
MDC-API-ADM-RW
MDC-API-AGP-RW
MDC-API-AT-R
MDC-API-AT-RW
MDC-API-CDR-R
MDC-API-CGP-RW
MDC-API-GAS-R
MDC-API-LBN-R
MDC-API-OGP-RW
MDC-API-PAT
MDC-API-PAT-R
MDC-API-PDC-RW
MDC-API-PGP-RW
MDC-API-RDL-RW
MDC-API-RTS-R
MDC-API-SGP-RW
MDC-API-THR-R
MDC-P-AAU-RW
MDC-P-ASM-RW
MDC-P-CDE-RW
MDC-P-GAP-R
MDC-P-GCP-R
MDC-P-GOP-R
MDC-P-GPP-R
MDC-P-GSP-R
MDC-P-OSB-RW
MDC-P-PNP-R
MDC-P-PNP-RW
MDC-P-PNPR-R
MDC-P-PTE-RW
MDC-P-RDE-RW
MDC-P-REG-R
MDC-P-REG-RW
MDC-P-SOR-R
MDC-P-SOR-RW
MDC-P-TRB-RW
MDC-R-ACT
MDC-R-ADM
MDC-R-PDC
MDC-R-REC
SD-API-CN-R
SD-API-CN-RW
SD-API-GC-RW
SD-API-GD-R
SD-API-GOC-RW
SD-API-GOR-RW
SD-API-GR-RW
SD-API-HMSTD-R
SD-API-IVM-R
SD-API-IVM-RW
SD-API-LMD-RW
SD-API-MBTD-RW
SD-API-MIS-RW
SD-API-PR-R
SD-API-RB-R
SD-API-RCL-RW
SD-API-SS-RW
SD-API-TD-R
SD-API-TM-R
SD-API-TM-RW
SD-API-TV-R
SD-API-VC-RW
SD-API-VP-RW
SD-P-BA-R
SD-P-BA-RW
SD-P-BBA-RW
SD-P-BG-R
SD-P-BG-RW
SD-P-BILL-RW
SD-P-BTD-R
SD-P-BTD-RW
SD-P-CB-RW
SD-P-CHC-R
SD-P-CHC-RW
SD-P-CL-RW
SD-P-CN-RW
SD-P-CT-R
SD-P-CT-RW
SD-P-DF-R
SD-P-DF-RW
SD-P-GPB-R
SD-P-GPB-RW
SD-P-GPD-R
SD-P-GPD-RW
SD-P-GPT-RW
SD-P-GSP-R
SD-P-HMSBD-RW
SD-P-HMSCS-R
SD-P-HMSGB-R
SD-P-HMSGC-R
SD-P-HMSGP-R
SD-P-HMSLD-R
SD-P-HMSPB-R
SD-P-HMSPB-RW
SD-P-HMSPS-RW
SD-P-HMSSD-R
SD-P-HMSSD-RW
SD-P-HMSSP-R
SD-P-HMSSP-RW
SD-P-HMSSS-R
SD-P-HMSSS-RW
SD-P-HMSTD-R
SD-P-HMSTD-RW
SD-P-HMSUC-RW
SD-P-INV-RW
SD-P-IVM-RW
SD-P-LA-RW
SD-P-LBN-R
SD-P-LD-R
SD-P-LD-RW
SD-P-LGD-RW
SD-P-LGLD-R
SD-P-LGLT-R
SD-P-LGSC-R
SD-P-LPI-R
SD-P-LRC-R
SD-P-LSC-RW
SD-P-LSCL-R
SD-P-LSCL-RW
SD-P-LSD-RW
SD-P-LTA-RW
SD-P-LTM-RW
SD-P-LUSCD-RW
SD-P-MBDF-RW
SD-P-MBPD-R
SD-P-MBTV-R
SD-P-MIS-R
SD-P-MIS-RW
SD-P-OD-R
SD-P-OD-RW
SD-P-PB-R
SD-P-PB-RW
SD-P-PD-R
SD-P-PD-RW
SD-P-PF-R
SD-P-PF-RW
SD-P-PFE-RW
SD-P-PG-R
SD-P-PG-RW
SD-P-PHD-RW
SD-P-PHR-RW
SD-P-PL-R
SD-P-PO-RW
SD-P-POV-R
SD-P-POV-RW
SD-P-RA-RW
SD-P-RB-RW
SD-P-RD-RW
SD-P-REG-RW
SD-P-RG-RW
SD-P-SA-RW
SD-P-SC-R
SD-P-SC-RW
SD-P-SCU-RW
SD-P-SGAC-R
SD-P-SGAC-RW
SD-P-SGE-R
SD-P-SHF-R
SD-P-SHF-RW
SD-P-SIR-R
SD-P-SIR-RW
SD-P-SP-R
SD-P-SS-R
SD-P-SS-RW
SD-P-SSU-R
SD-P-SSU-RW
SD-P-SVD-R
SD-P-SVD-RW
SD-P-SVF-R
SD-P-SVF-RW
SD-P-SVRI-RW
SD-P-SVRO-RW
SD-P-TD-R
SD-P-TD-RW
SD-P-TDE-RW
SD-P-TE-R
SD-P-TE-RW
SD-P-TM-R
SD-P-TS-RW
SD-P-UPB-R
SD-P-UPB-RW
SD-P-UR-RW
SD-PLSL-RW
SD-R-A
SD-R-CEO
SD-R-DOC
SD-R-GM
SD-R-LR
SD-R-LT
SD-R-PH
SD-R-SE
SD-R-SMC
SD-R-SP
SHI-P-AVAIL-RW
SHI-P-CHEMO-RW
SHI-P-CHEMOR-RW
SHI-P-CT-RW
SHI-P-DEL-RW
SHI-P-DELRAW-RW
SHI-P-DIA-RW
SHI-P-EMR-RW
SHI-P-EMRR-RW
SHI-P-EXP-RW
SHI-P-F1-RW
SHI-P-F1R-RW
SHI-P-F1S-RW
SHI-P-F1SR-RW
SHI-P-F2-RW
SHI-P-F2R-RW
SHI-P-F2S-RW
SHI-P-F2SR-RW
SHI-P-F3-RW
SHI-P-F3R-RW
SHI-P-FORM-RW
SHI-P-FRNT-RW
SHI-P-GETRAW-RW
SHI-P-HAND-RW
SHI-P-HANDR-RW
SHI-P-HR-RW
SHI-P-INC
SHI-P-LAB-RW
SHI-P-MICU-RW
SHI-P-MICUR-RW
SHI-P-MOCK-RW
SHI-P-MRD-RW
SHI-P-MRI-RW
SHI-P-NICU-RW
SHI-P-NICUR-RW
SHI-P-OPD-RW
SHI-P-OT-RW
SHI-P-PHARM-RW
SHI-P-PHY-RW
SHI-P-REC-RW
SHI-P-RECR-RW
SHI-P-SICU-RW
SHI-P-SICUR-RW
SHI-P-TRAIN-RW
SHI-P-TRAINR-RW
SHI-P-UPD-RW
SHI-P-UPDRAW-RW
SHI-P-XRAY-RW
SI-R-IND
SI-R-INDE
SIN-API-FU-RW
SIN-API-IF-R
SIN-API-IF-RW
SIN-API-OR-RW
SIN-API-ORR-R
SIN-API-SF-R
SIN-P-FA-RW
SIN-P-GDL-R
SIN-P-GIC-R
SIN-P-ICE-R
SIN-P-OP-RW
SIN-P-RA-RW
SIN-P-RAU-RW
SIN-R-ACC
SIN-R-ADM
SIN-R-SA
SIN-R-STA
ST-API-AMC-R
ST-API-AMC-RW
ST-API-BRD-RW
ST-API-CRD-R
ST-API-CRD-RW
ST-API-EMP-R
ST-API-TRLR-RW
ST-P-BRD-R
ST-P-CMT-R
ST-P-CMT-RW
ST-P-DES-R
ST-P-DES-RW
ST-P-NTF-R
ST-P-NTF-RW
ST-P-SNO-RW
ST-P-TDL-R
MDC-P-AAU-RW
ST-P-CMT-R
SIN-R-ADM
MDC-API-AT-RW
SIN-API-IF-RW
ST-P-BRD-R
HMS-P-HSN-RW
MDC-P-PNP-R
MDC-P-GCP-R
MDC-P-REG-RW
MDC-API-PAT
MDC-P-GSP-R
GL-P-EP-RW
GL-P-EP-RW
GL-P-EAD-RW
GL-P-EAD-RW
GL-P-EL-RW
GL-P-EL-RW
GL-P-P-RW
GL-P-P-RW
GL-P-ED-RW
GL-P-ED-RW
GL-P-AND-RW
GL-P-AND-RW
GL-P-NDC-RW
GL-P-NDC-RW
GL-P-EBT-RW
GL-P-EBT-RW
GL-P-RSE-RW
GL-P-RSE-RW