ER-P-ERAS-RW
ER-P-ERB-RW
ER-P-ERDL-R
ER-P-ERGAS-RW
ER-P-ERGNBN-R
ER-P-ERGPR-RW
ER-P-ERP-R
ER-P-ERPB-RW
ER-P-ERPL-R
ER-P-ERREP-RW
ER-P-ERSD-RW
ER-P-ERUS-RW
ER-P-ERVB-RW
ER-R-ERA
ER-R-ERN
ER-R-ERP
FE-P-FAL-R
FE-P-FF-RW
FE-P-FG-RW
FE-P-FGF-R
FE-P-FGL-R
FE-P-FR-RW
FE-P-FS-RW
FE-P-FSB-RW
FE-P-FUB-RW
FE-P-FUS-RW
FE-R-FA
FE-R-FA-RW
GL-P-AND-RW
GL-P-EAD-RW
GL-P-EBT-RW
GL-P-ED-RW
GL-P-EL-RW
GL-P-EP-RW
GL-P-EPM-RW
GL-P-NDC-RW
GL-P-P-RW
GL-P-RSE-RW
GP-P-GCN-R
HMS-API-IB-R
HMS-API-IB-RW
HMS-API-ICT-R
HMS-API-ICT-RW
HMS-API-IMRI-R
HMS-API-IMRI-RW
HMS-API-IUSG-R
HMS-API-IUSG-RW
HMS-API-IXRAY-R
HMS-API-IXRAY-RW
HMS-API-SUM-R
HMS-API-SUM-RW
HMS-P-ADD-RW
HMS-P-ADM-RW
HMS-P-AIN-RW
HMS-P-AIP-RW
HMS-P-AUHID-RW
HMS-P-BED-RW
HMS-P-BEDD-RW
HMS-P-BLK-R
HMS-P-BLK-RW
HMS-P-BLKD-RW
HMS-P-CEB-RW
HMS-P-COPP-RW
HMS-P-CS-RW
HMS-P-DIS-RW
HMS-P-DLD-RW
HMS-P-DRM-RW
HMS-P-GAE-R
HMS-P-GLBU-R
HMS-P-GOPBN-R
HMS-P-GOPS-R
HMS-P-GPBT-R
HMS-P-GWL-R
HMS-P-HSN-RW
HMS-P-IB-R
HMS-P-IB-RW
HMS-P-ICT-RW
HMS-P-IMRI-RW
HMS-P-IPGRN-RW
HMS-P-IPGRND-RW
HMS-P-IPPS-RW
HMS-P-IPPSD-RW
HMS-P-IUSG-RW
HMS-P-IXRAY-RW
HMS-P-OPGRN-RW
HMS-P-OPGRND-RW
HMS-P-OPP-RW
HMS-P-OPPB-R
HMS-P-OPPS-RW
HMS-P-OPPSD-RW
HMS-P-RCAT-R
HMS-P-RCAT-RW
HMS-P-RCATD-RW
HMS-P-RENQ-RW
HMS-P-RM-RW
HMS-P-RMD-RW
HMS-P-RSHFT-RW
HMS-P-SADM-RW
HMS-P-SOPB-RW
HMS-P-SOPE-RW
HMS-P-SRM-RW
HMS-P-SRV-RW
HMS-P-SRVD-RW
HMS-P-SUM-RW
HMS-P-VL-RW
HMS-P-VND-RW
HMS-P-VNDD-RW
HMS-P-WRQ-RW
HMS-R-PH
HMS-R-SA
MDC-API-ADM-RW
MDC-API-AGP-RW
MDC-API-AT-R
MDC-API-AT-RW
MDC-API-CDR-R
MDC-API-CGP-RW
MDC-API-GAS-R
MDC-API-LBN-R
MDC-API-OGP-RW
MDC-API-PAT
MDC-API-PAT-R
MDC-API-PDC-RW
MDC-API-PGP-RW
MDC-API-RDL-RW
MDC-API-RTS-R
MDC-API-SGP-RW
MDC-API-THR-R
MDC-P-AAU-RW
MDC-P-ASM-RW
MDC-P-CDE-RW
MDC-P-GAP-R
MDC-P-GCP-R
MDC-P-GOP-R
MDC-P-GPP-R
MDC-P-GSP-R
MDC-P-OSB-RW
MDC-P-PNP-R
MDC-P-PNP-RW
MDC-P-PNPR-R
MDC-P-PTE-RW
MDC-P-RDE-RW
MDC-P-REG-R
MDC-P-REG-RW
MDC-P-SOR-R
MDC-P-SOR-RW
MDC-P-TRB-RW
MDC-R-ACT
MDC-R-ADM
MDC-R-PDC
MDC-R-REC
SD-API-CN-R
SD-API-CN-RW
SD-API-GC-RW
SD-API-GD-R
SD-API-GOC-RW
SD-API-GOR-RW
SD-API-GR-RW
SD-API-HMSTD-R
SD-API-IVM-R
SD-API-IVM-RW
SD-API-LMD-RW
SD-API-MBTD-RW
SD-API-MIS-RW
SD-API-PR-R
SD-API-RB-R
SD-API-RCL-RW
SD-API-SS-RW
SD-API-TD-R
SD-API-TM-R
SD-API-TM-RW
SD-API-TV-R
SD-API-VC-RW
SD-API-VP-RW
SD-P-BA-R
SD-P-BA-RW
SD-P-BBA-RW
SD-P-BG-R
SD-P-BG-RW
SD-P-BILL-RW
SD-P-BTD-R
SD-P-BTD-RW
SD-P-CB-RW
SD-P-CHC-R
SD-P-CHC-RW
SD-P-CL-RW
SD-P-CN-RW
SD-P-CT-R
SD-P-CT-RW
SD-P-DF-R
SD-P-DF-RW
SD-P-GPB-R
SD-P-GPB-RW
SD-P-GPD-R
SD-P-GPD-RW
SD-P-GPT-RW
SD-P-GSP-R
SD-P-HMSBD-RW
SD-P-HMSCS-R
SD-P-HMSGB-R
SD-P-HMSGC-R
SD-P-HMSGP-R
SD-P-HMSLD-R
SD-P-HMSPB-R
SD-P-HMSPB-RW
SD-P-HMSPS-RW
SD-P-HMSSD-R
SD-P-HMSSD-RW
SD-P-HMSSP-R
SD-P-HMSSP-RW
SD-P-HMSSS-R
SD-P-HMSSS-RW
SD-P-HMSTD-R
SD-P-HMSTD-RW
SD-P-HMSUC-RW
SD-P-INV-RW
SD-P-IVM-RW
SD-P-LA-RW
SD-P-LBN-R
SD-P-LD-R
SD-P-LD-RW
SD-P-LGD-RW
SD-P-LGLD-R
SD-P-LGLT-R
SD-P-LGSC-R
SD-P-LPI-R
SD-P-LRC-R
SD-P-LSC-RW
SD-P-LSCL-R
SD-P-LSCL-RW
SD-P-LSD-RW
SD-P-LTA-RW
SD-P-LTM-RW
SD-P-LUSCD-RW
SD-P-MBDF-RW
SD-P-MBPD-R
SD-P-MBTV-R
SD-P-MIS-R
SD-P-MIS-RW
SD-P-OD-R
SD-P-OD-RW
SD-P-PB-R
SD-P-PB-RW
SD-P-PD-R
SD-P-PD-RW
SD-P-PF-R
SD-P-PF-RW
SD-P-PFE-RW
SD-P-PG-R
SD-P-PG-RW
SD-P-PHD-RW
SD-P-PHR-RW
SD-P-PL-R
SD-P-PO-RW
SD-P-POV-R
SD-P-POV-RW
SD-P-RA-RW
SD-P-RB-RW
SD-P-RD-RW
SD-P-REG-RW
SD-P-RG-RW
SD-P-SA-RW
SD-P-SC-R
SD-P-SC-RW
SD-P-SCU-RW
SD-P-SGAC-R
SD-P-SGAC-RW
SD-P-SGE-R
SD-P-SHF-R
SD-P-SHF-RW
SD-P-SIR-R
SD-P-SIR-RW
SD-P-SP-R
SD-P-SS-R
SD-P-SS-RW
SD-P-SSU-R
SD-P-SSU-RW
SD-P-SVD-R
SD-P-SVD-RW
SD-P-SVF-R
SD-P-SVF-RW
SD-P-SVRI-RW
SD-P-SVRO-RW
SD-P-TD-R
SD-P-TD-RW
SD-P-TDE-RW
SD-P-TE-R
SD-P-TE-RW
SD-P-TM-R
SD-P-TS-RW
SD-P-UPB-R
SD-P-UPB-RW
SD-P-UR-RW
SD-PLSL-RW
SD-R-A
SD-R-CEO
SD-R-DOC
SD-R-GM
SD-R-LR
SD-R-LT
SD-R-PH
SD-R-SE
SD-R-SMC
SD-R-SP
SHI-P-AVAIL-RW
SHI-P-CHEMO-RW
SHI-P-CHEMOR-RW
SHI-P-CT-RW
SHI-P-DEL-RW
SHI-P-DELRAW-RW
SHI-P-DIA-RW
SHI-P-EMR-RW
SHI-P-EMRR-RW
SHI-P-EXP-RW
SHI-P-F1-RW
SHI-P-F1R-RW
SHI-P-F1S-RW
SHI-P-F1SR-RW
SHI-P-F2-RW
SHI-P-F2R-RW
SHI-P-F2S-RW
SHI-P-F2SR-RW
SHI-P-F3-RW
SHI-P-F3R-RW
SHI-P-FORM-RW
SHI-P-FRNT-RW
SHI-P-GETRAW-RW
SHI-P-HAND-RW
SHI-P-HANDR-RW
SHI-P-HR-RW
SHI-P-INC
SHI-P-LAB-RW
SHI-P-MICU-RW
SHI-P-MICUR-RW
SHI-P-MOCK-RW
SHI-P-MRD-RW
SHI-P-MRI-RW
SHI-P-NICU-RW
SHI-P-NICUR-RW
SHI-P-OPD-RW
SHI-P-OT-RW
SHI-P-PHARM-RW
SHI-P-PHY-RW
SHI-P-REC-RW
SHI-P-RECR-RW
SHI-P-SICU-RW
SHI-P-SICUR-RW
SHI-P-TRAIN-RW
SHI-P-TRAINR-RW
SHI-P-UPD-RW
SHI-P-UPDRAW-RW
SHI-P-XRAY-RW
SI-R-IND
SI-R-INDE
SIN-API-FU-RW
SIN-API-IF-R
SIN-API-IF-RW
SIN-API-OR-RW
SIN-API-ORR-R
SIN-API-SF-R
SIN-P-FA-RW
SIN-P-GDL-R
SIN-P-GIC-R
SIN-P-ICE-R
SIN-P-OP-RW
SIN-P-RA-RW
SIN-P-RAU-RW
SIN-R-ACC
SIN-R-ADM
SIN-R-SA
SIN-R-STA
ST-API-AMC-R
ST-API-AMC-RW
ST-API-BRD-RW
ST-API-CRD-R
ST-API-CRD-RW
ST-API-EMP-R
ST-API-TRLR-RW
ST-P-BRD-R
ST-P-CMT-R
ST-P-CMT-RW
ST-P-DES-R
ST-P-DES-RW
ST-P-NTF-R
ST-P-NTF-RW
ST-P-SNO-RW
ST-P-TDL-R
MDC-P-AAU-RW
ST-P-CMT-R
SIN-R-ADM
MDC-API-AT-RW
SIN-API-IF-RW
ST-P-BRD-R
HMS-P-HSN-RW
MDC-P-PNP-R
MDC-P-GCP-R
MDC-P-REG-RW
MDC-API-PAT
MDC-P-GSP-R
GL-P-EP-RW
GL-P-EP-RW
GL-P-EAD-RW
GL-P-EAD-RW
GL-P-EL-RW
GL-P-EL-RW
GL-P-P-RW
GL-P-P-RW
GL-P-ED-RW
GL-P-ED-RW
GL-P-AND-RW
GL-P-AND-RW
GL-P-NDC-RW
GL-P-NDC-RW
GL-P-EBT-RW
GL-P-EBT-RW
GL-P-RSE-RW
GL-P-RSE-RW
HMS-API-AIA-RW
HMS-API-AMA-RW
HMS-API-AMR-RW
HMS-API-DASH
HMS-API-DLD-R
HMS-API-DLD-RW
HMS-API-EML-RW
HMS-API-IT-RW
HMS-API-JRD-R
HMS-API-JRD-RW
HMS-API-MPACK-R
HMS-API-PACK-R
HMS-API-RD-R
HMS-API-RD-RW
HMS-API-RDA-RW
HMS-API-RDD-RW
HMS-API-RDE-RW
HMS-API-SAM-RW
HMS-API-SAMT-RW
HMS-API-SINTENT-RW
HMS-API-SINTENTA-RW
HMS-API-SRM-RW
HMS-API-UHID-R
HMS-API-WTSAP-RW
HMS-P-AA-RW
HMS-P-ADASH
HMS-P-ADMD-RW
HMS-P-ADML-RW
HMS-P-AIN-R
HMS-P-AIN-RW
HMS-P-AM-R
HMS-P-AM-RW
HMS-P-AMD-RW
HMS-P-AME-RW
HMS-P-ASR-RW
HMS-P-BLK-RW
HMS-P-BLKD-RW
HMS-P-BROOM-RW
HMS-P-BT-R
HMS-P-BT-RW
HMS-P-BTD-RW
HMS-P-BTE-RW
HMS-P-CC-RW
HMS-P-CCC-RW
HMS-P-CCD-RW
HMS-P-CCGAH-RW
HMS-P-CCGAS-RW
HMS-P-CCGMPB-RW
HMS-P-CCGRP-RW
HMS-P-CCIPAB-RW
HMS-P-CCOPPB-RW
HMS-P-CCPRP-RW
HMS-P-CCUPB-RW
HMS-P-CL-RW
HMS-P-CSIL-RW
HMS-P-CSLD-RW
HMS-P-CSLM-RW
HMS-P-CSLR-RW
HMS-P-CTI-RW
HMS-P-CTIA-RW
HMS-P-DBUDR-R
HMS-P-DDASH
HMS-P-DFC-R
HMS-P-DFC-RW
HMS-P-DFCA
HMS-P-DFCE
HMS-P-DFCR-R
HMS-P-DIS-RW
HMS-P-DO-RW
HMS-P-DR-RW
HMS-P-DRM-RW
HMS-P-GADM-RW
HMS-P-GPR-RW
HMS-P-GPRA-RW
HMS-P-GRN-RW
HMS-P-GRNA-RW
HMS-P-GRNR-RW
HMS-P-HMS
HMS-P-HRIN-R
HMS-P-HRIN-RW
HMS-P-HRINA-RW
HMS-P-HRINP-RW
HMS-P-HVCC-R
HMS-P-HVCC-RW
HMS-P-IB-R
HMS-P-IB-RW
HMS-P-IBD-RW
HMS-P-IBE-RW
HMS-P-ICD-RW
HMS-P-IP-R
HMS-P-IP-RW
HMS-P-IPD-RW
HMS-P-IPE-RW
HMS-P-IPEMR-RW
HMS-P-IPH
HMS-P-IPKG-RW
HMS-P-IPKGD-RW
HMS-P-IPKGE-RW
HMS-P-JRDA-RW
HMS-P-JRDD-RW
HMS-P-JRDE-RW
HMS-P-LBDI-RW
HMS-P-LBRI-RW
HMS-P-LND-RW
HMS-P-MHC-R
HMS-P-MHC-RW
HMS-P-MHCA-RW
HMS-P-MHCD-RW
HMS-P-MHCE-RW
HMS-P-MHCR-RW
HMS-P-MHCS-RW
HMS-P-MHPCK-RW
HMS-P-MHPSD-RW
HMS-P-MPKG-RW
HMS-P-MPKGD-RW
HMS-P-MPKGE-RW
HMS-P-MR-RW
HMS-P-MRA-RW
HMS-P-MRD-R
HMS-P-MRD-RW
HMS-P-MRL-RW
HMS-P-MT-RW
HMS-P-NS-RW
HMS-P-NSD-RW
HMS-P-OCR-RW
HMS-P-OPEMRD-RW
HMS-P-OPEMRDC
HMS-P-OPEMRDC-RW
HMS-P-OPEMRGD-RW
HMS-P-OPEMRGM-RW
HMS-P-OPEMRGP-RW
HMS-P-OPEMRGS-RW
HMS-P-OPEMRVE-RW
HMS-P-OPH
HMS-P-OPSRBD-RW
HMS-P-OS-RW
HMS-P-OTIR-R
HMS-P-OTIR-RW
HMS-P-OTIRD-RW
HMS-P-OTIRE-RW
HMS-P-OTM-R
HMS-P-OTM-RW
HMS-P-OTMB-RW
HMS-P-OTMBD-RW
HMS-P-OTMBE-RW
HMS-P-OTMD-RW
HMS-P-OTME-RW
HMS-P-OTSS-R
HMS-P-OTSS-RW
HMS-P-OTSSA-RW
HMS-P-OTSSD-RW
HMS-P-OTSSE-RW
HMS-P-OTSSU-RW
HMS-P-PAS-RW
HMS-P-PC-RW
HMS-P-PCB_RW
HMS-P-PCD-RW
HMS-P-PCOPP-RW
HMS-P-PDB-RW
HMS-P-PER-RW
HMS-P-PFB-RW
HMS-P-PGEB-RW
HMS-P-PGLBU-RW
HMS-P-PGPBT-RW
HMS-P-PGS-RW
HMS-P-PGSRD-RW
HMS-P-PHVSB-RW
HMS-P-PI-RW
HMS-P-PID-RW
HMS-P-PIN-RW
HMS-P-PMC-RW
HMS-P-PO-RW
HMS-P-POA-RW
HMS-P-POL-RW
HMS-P-PPD-RW
HMS-P-PR-RW
HMS-P-PRA-RW
HMS-P-PRL-RW
HMS-P-PSB-RW
HMS-P-PSG-RW
HMS-P-PSH-RW
HMS-P-PSIP-RW
HMS-P-PSM-RW
HMS-P-RBILL
HMS-P-RCAT-RW
HMS-P-RCATD-RW
HMS-P-RCLN-RW
HMS-P-RENQ-RW
HMS-P-RKIT-RW
HMS-P-RKITD-RW
HMS-P-RM-RW
HMS-P-RMD-RW
HMS-P-ROR-RW
HMS-P-RSD-RW
HMS-P-RSDD-RW
HMS-P-RSHFT-RW
HMS-P-RSHFTD-RW
HMS-P-S360-RW
HMS-P-SADM-RW
HMS-P-SDUI-RW
HMS-P-SGLA-RW
HMS-P-SGRN
HMS-P-SGRN-RW
HMS-P-SIDEBAR
HMS-P-SRBD-RW
HMS-P-SRGPD-RW
HMS-P-SRM-RW
HMS-P-ST-RW
HMS-P-STA-RW
HMS-P-SUM-R
HMS-P-SUM-RW
HMS-P-SUMA-RW
HMS-P-SUMD-RW
HMS-P-SUME-RW
HMS-P-VCC-R
HMS-P-VCC-RW
HMS-P-VCD-RW
HMS-P-VCE-RW
HMS-P-VEV
HMS-P-VI-R
HMS-P-VI-RW
HMS-P-VID-RW
HMS-P-VIE-RW
HMS-P-VIN-RW
HMS-P-VINA-RW
HMS-P-VINE-RW
HMS-P-VINR-R
HMS-P-VND-RW
HMS-P-VNDD-RW
HMS-P-VPP
HMS-P-VS-R
HMS-P-VS-RW
HMS-P-VSRP
HMS-P-VV-R
HMS-P-VV-RW
HMS-P-VVD-RW
HMS-P-VVE-RW
HMS-P-WR-RW
